../Drivers/CMSIS/Include/core_cm33.h:3212:26:ITM_SendChar	16	static,ignoring_inline_asm
../Core/Src/main.c:98:5:_write	32	static
../Core/Src/main.c:106:6:HAL_GPIO_EXTI_Callback	16	static
../Core/Src/main.c:144:5:main	48	static,ignoring_inline_asm
../Core/Src/main.c:300:6:SystemClock_Config	128	static
../Core/Src/main.c:355:13:SystemPower_Config	8	static
../Core/Src/main.c:380:13:MX_ADF1_Init	8	static
../Core/Src/main.c:434:13:MX_I2C1_Init	8	static
../Core/Src/main.c:482:13:MX_I2C2_Init	8	static
../Core/Src/main.c:530:13:MX_ICACHE_Init	8	static
../Core/Src/main.c:562:13:MX_SPI1_Init	24	static
../Core/Src/main.c:619:13:MX_USART1_UART_Init	8	static
../Core/Src/main.c:667:13:MX_USB_OTG_FS_PCD_Init	8	static
../Core/Src/main.c:703:13:MX_GPIO_Init	64	static
../Core/Src/main.c:860:6:Error_Handler	4	static,ignoring_inline_asm
