../Drivers/STM32U5xx_HAL_Driver/Src/stm32u5xx_hal.c:140:19:HAL_Init	8	static
../Drivers/STM32U5xx_HAL_Driver/Src/stm32u5xx_hal.c:174:19:HAL_DeInit	8	static
../Drivers/STM32U5xx_HAL_Driver/Src/stm32u5xx_hal.c:203:13:HAL_MspInit	4	static
../Drivers/STM32U5xx_HAL_Driver/Src/stm32u5xx_hal.c:214:13:HAL_MspDeInit	4	static
../Drivers/STM32U5xx_HAL_Driver/Src/stm32u5xx_hal.c:237:26:HAL_InitTick	24	static
../Drivers/STM32U5xx_HAL_Driver/Src/stm32u5xx_hal.c:330:13:HAL_IncTick	4	static
../Drivers/STM32U5xx_HAL_Driver/Src/stm32u5xx_hal.c:341:17:HAL_GetTick	4	static
../Drivers/STM32U5xx_HAL_Driver/Src/stm32u5xx_hal.c:350:10:HAL_GetTickPrio	4	static
../Drivers/STM32U5xx_HAL_Driver/Src/stm32u5xx_hal.c:359:19:HAL_SetTickFreq	24	static
../Drivers/STM32U5xx_HAL_Driver/Src/stm32u5xx_hal.c:392:21:HAL_GetTickFreq	4	static
../Drivers/STM32U5xx_HAL_Driver/Src/stm32u5xx_hal.c:408:13:HAL_Delay	24	static
../Drivers/STM32U5xx_HAL_Driver/Src/stm32u5xx_hal.c:434:13:HAL_SuspendTick	4	static
../Drivers/STM32U5xx_HAL_Driver/Src/stm32u5xx_hal.c:450:13:HAL_ResumeTick	4	static
../Drivers/STM32U5xx_HAL_Driver/Src/stm32u5xx_hal.c:460:10:HAL_GetHalVersion	4	static
../Drivers/STM32U5xx_HAL_Driver/Src/stm32u5xx_hal.c:469:10:HAL_GetREVID	4	static
../Drivers/STM32U5xx_HAL_Driver/Src/stm32u5xx_hal.c:478:10:HAL_GetDEVID	4	static
../Drivers/STM32U5xx_HAL_Driver/Src/stm32u5xx_hal.c:487:10:HAL_GetUIDw0	4	static
../Drivers/STM32U5xx_HAL_Driver/Src/stm32u5xx_hal.c:496:10:HAL_GetUIDw1	4	static
../Drivers/STM32U5xx_HAL_Driver/Src/stm32u5xx_hal.c:505:10:HAL_GetUIDw2	4	static
../Drivers/STM32U5xx_HAL_Driver/Src/stm32u5xx_hal.c:534:6:HAL_DBGMCU_EnableDBGStopMode	4	static
../Drivers/STM32U5xx_HAL_Driver/Src/stm32u5xx_hal.c:543:6:HAL_DBGMCU_DisableDBGStopMode	4	static
../Drivers/STM32U5xx_HAL_Driver/Src/stm32u5xx_hal.c:552:6:HAL_DBGMCU_EnableDBGStandbyMode	4	static
../Drivers/STM32U5xx_HAL_Driver/Src/stm32u5xx_hal.c:561:6:HAL_DBGMCU_DisableDBGStandbyMode	4	static
../Drivers/STM32U5xx_HAL_Driver/Src/stm32u5xx_hal.c:600:6:HAL_SYSCFG_VREFBUF_VoltageScalingConfig	16	static
../Drivers/STM32U5xx_HAL_Driver/Src/stm32u5xx_hal.c:616:6:HAL_SYSCFG_VREFBUF_HighImpedanceConfig	16	static
../Drivers/STM32U5xx_HAL_Driver/Src/stm32u5xx_hal.c:628:6:HAL_SYSCFG_VREFBUF_TrimmingConfig	16	static
../Drivers/STM32U5xx_HAL_Driver/Src/stm32u5xx_hal.c:640:19:HAL_SYSCFG_EnableVREFBUF	16	static
../Drivers/STM32U5xx_HAL_Driver/Src/stm32u5xx_hal.c:666:6:HAL_SYSCFG_DisableVREFBUF	4	static
../Drivers/STM32U5xx_HAL_Driver/Src/stm32u5xx_hal.c:676:6:HAL_SYSCFG_EnableIOAnalogBooster	4	static
../Drivers/STM32U5xx_HAL_Driver/Src/stm32u5xx_hal.c:686:6:HAL_SYSCFG_DisableIOAnalogBooster	4	static
../Drivers/STM32U5xx_HAL_Driver/Src/stm32u5xx_hal.c:696:6:HAL_SYSCFG_EnableIOAnalogVoltageSelection	4	static
../Drivers/STM32U5xx_HAL_Driver/Src/stm32u5xx_hal.c:706:6:HAL_SYSCFG_DisableIOAnalogVoltageSelection	4	static
../Drivers/STM32U5xx_HAL_Driver/Src/stm32u5xx_hal.c:774:6:HAL_SYSCFG_EnableVddCompensationCell	4	static
../Drivers/STM32U5xx_HAL_Driver/Src/stm32u5xx_hal.c:786:6:HAL_SYSCFG_EnableVddIO2CompensationCell	4	static
../Drivers/STM32U5xx_HAL_Driver/Src/stm32u5xx_hal.c:810:6:HAL_SYSCFG_DisableVddCompensationCell	4	static
../Drivers/STM32U5xx_HAL_Driver/Src/stm32u5xx_hal.c:822:6:HAL_SYSCFG_DisableVddIO2CompensationCell	4	static
../Drivers/STM32U5xx_HAL_Driver/Src/stm32u5xx_hal.c:862:6:HAL_SYSCFG_Lock	16	static
../Drivers/STM32U5xx_HAL_Driver/Src/stm32u5xx_hal.c:883:19:HAL_SYSCFG_GetLock	24	static
